c:\project\cg2_le2c_0_1\cg2_le2c_0_1\x64\debug\imgui_impl_dx12.obj
c:\project\cg2_le2c_0_1\cg2_le2c_0_1\x64\debug\imgui_draw.obj
c:\project\cg2_le2c_0_1\cg2_le2c_0_1\x64\debug\imgui_tables.obj
c:\project\cg2_le2c_0_1\cg2_le2c_0_1\x64\debug\imgui_demo.obj
c:\project\cg2_le2c_0_1\cg2_le2c_0_1\x64\debug\matrix4x4.obj
c:\project\cg2_le2c_0_1\cg2_le2c_0_1\x64\debug\imgui_impl_win32.obj
c:\project\cg2_le2c_0_1\cg2_le2c_0_1\x64\debug\main.obj
c:\project\cg2_le2c_0_1\cg2_le2c_0_1\x64\debug\imgui.obj
c:\project\cg2_le2c_0_1\cg2_le2c_0_1\x64\debug\imgui_widgets.obj
c:\project\cg2_le2c_0_1\cg2_le2c_0_1\x64\debug\vc143.pdb
c:\project\cg2_le2c_0_1\cg2_le2c_0_1\x64\debug\vc143.idb
c:\project\cg2_le2c_0_1\cg2_le2c_0_1\x64\debug\cg2_le2c_0_1.ilk
c:\project\cg2_le2c_0_1\cg2_le2c_0_1\x64\debug\main.obj.enc
c:\project\cg2_le2c_0_1\x64\debug\cg2_le2c_0_1.pdb
c:\project\cg2_le2c_0_1\cg2_le2c_0_1\x64\debug\cg2_le2c_0_1.tlog\cl.command.1.tlog
c:\project\cg2_le2c_0_1\cg2_le2c_0_1\x64\debug\cg2_le2c_0_1.tlog\cl.items.tlog
c:\project\cg2_le2c_0_1\cg2_le2c_0_1\x64\debug\cg2_le2c_0_1.tlog\cl.read.1.tlog
c:\project\cg2_le2c_0_1\cg2_le2c_0_1\x64\debug\cg2_le2c_0_1.tlog\cl.write.1.tlog
c:\project\cg2_le2c_0_1\cg2_le2c_0_1\x64\debug\cg2_le2c_0_1.tlog\link.command.1.tlog
c:\project\cg2_le2c_0_1\cg2_le2c_0_1\x64\debug\cg2_le2c_0_1.tlog\link.read.1.tlog
c:\project\cg2_le2c_0_1\cg2_le2c_0_1\x64\debug\cg2_le2c_0_1.tlog\link.secondary.1.tlog
c:\project\cg2_le2c_0_1\cg2_le2c_0_1\x64\debug\cg2_le2c_0_1.tlog\link.write.1.tlog
